// Jest Snapshot v1, https://goo.gl/fbAQLP

exports[`Counter matches the snapshot 1`] = `
<div>
  <div>
    <h2
      data-testid="count"
    >
      Count: 
      <span>
        0
      </span>
    </h2>
    <button
      data-testid="increment-button"
    >
      Make number go up plz
    </button>
    <button
      data-testid="reset-button"
    >
      Reset
    </button>
  </div>
</div>
`;
