// Jest Snapshot v1, https://goo.gl/fbAQLP

exports[`Header renders as expected 1`] = `
<div>
  <header
    data-testid="module-federated-header"
  >
    <div
      class="local_state_counter"
    >
      <div>
        Local State Counter: 
        <span>
          0
        </span>
      </div>
      <button>
        Increase local state counter
      </button>
    </div>
    <section>
      mfe_navigation
    </section>
    <div
      class="header_counter"
    >
      <h2>
        Header Count: 
        <span>
          0
        </span>
      </h2>
      <button>
        Make number go up plz
      </button>
      <button>
        Make number go down pretty plz
      </button>
    </div>
    <div>
      foo bar
    </div>
  </header>
</div>
`;
