// Jest Snapshot v1, https://goo.gl/fbAQLP

exports[`headerCounter matches the snapshot 1`] = `
<div>
  <div
    class="header_counter"
  >
    <h2>
      Header Count: 
      <span>
        0
      </span>
    </h2>
    <button>
      Make number go up plz
    </button>
    <button>
      Make number go down pretty plz
    </button>
  </div>
</div>
`;
